[1/32] bdpcl (site_id=252) ...
    OK   universe=1573  bbb-era=1309  balls=600404  wall=923s   (923s)
[2/32] dorsetcl (site_id=302) ...
    OK   universe=2225  bbb-era=1467  balls=319763  wall=606s   (606s)
[3/32] devoncl (site_id=298) ...
    OK   universe=3582  bbb-era=2250  balls=829697  wall=1215s   (1215s)
[4/32] ccl (site_id=285) ...
    OK   universe=4646  bbb-era=2884  balls=701502  wall=1245s   (1245s)
[5/32] cheshirecountycl (site_id=7246) ...
    OK   universe=4062  bbb-era=2732  balls=1054663  wall=1311s   (1311s)
[6/32] eapcl (site_id=305) ...
    OK   universe=973  bbb-era=638  balls=313952  wall=533s   (533s)
[7/32] essexcl (site_id=7300) ...
    OK   universe=2638  bbb-era=2258  balls=919813  wall=30s   (30s)
[8/32] hertspremiercl (site_id=572) ...
    OK   universe=1485  bbb-era=1260  balls=574524  wall=259s   (259s)
[9/32] hcpcl (site_id=342) ...
    OK   universe=1088  bbb-era=900  balls=423967  wall=567s   (567s)
[10/32] gtrmcrcricket (site_id=11685) ...
    OK   universe=1370  bbb-era=1370  balls=499532  wall=494s   (494s)
[11/32] derbyscountylge (site_id=296) ...
    OK   universe=4310  bbb-era=3278  balls=1352657  wall=1758s   (1758s)
[12/32] bradfordcl (site_id=259) ...
    OK   universe=2980  bbb-era=2596  balls=1167163  wall=1546s   (1546s)
[13/32] kcl (site_id=362) ...
    OK   universe=1800  bbb-era=1530  balls=580062  wall=720s   (720s)
[14/32] lancashireleague (site_id=10954) ...
    OK   universe=924  bbb-era=924  balls=380223  wall=422s   (422s)
[15/32] huddersfieldcl (site_id=346) ...
